Python path configuration:
  PYTHONHOME = '/tmp/.mount_cursorPBmAwo/usr/'
  PYTHONPATH = '/tmp/.mount_cursorPBmAwo/usr/share/pyshared/:'
  program name = '/usr/bin/python3'
  isolated = 0
  environment = 1
  user site = 1
  safe_path = 0
  import site = 1
  is in build tree = 0
  stdlib dir = '/tmp/.mount_cursorPBmAwo/usr/lib/python3.12'
  sys._base_executable = '/usr/bin/python3'
  sys.base_prefix = '/tmp/.mount_cursorPBmAwo/usr/'
  sys.base_exec_prefix = '/tmp/.mount_cursorPBmAwo/usr/'
  sys.platlibdir = 'lib'
  sys.executable = '/usr/bin/python3'
  sys.prefix = '/tmp/.mount_cursorPBmAwo/usr/'
  sys.exec_prefix = '/tmp/.mount_cursorPBmAwo/usr/'
  sys.path = [
    '/tmp/.mount_cursorPBmAwo/usr/share/pyshared',
    '/home/aaron/Documents/Code/genetic_chess_engine',
    '/tmp/.mount_cursorPBmAwo/usr/lib/python312.zip',
    '/tmp/.mount_cursorPBmAwo/usr/lib/python3.12',
    '/tmp/.mount_cursorPBmAwo/usr/lib/python3.12/lib-dynload',
  ]
Fatal Python error: init_fs_encoding: failed to get the Python codec of the filesystem encoding
Python runtime state: core initialized
ModuleNotFoundError: No module named 'encodings'

Current thread 0x00007b05689fd740 (most recent call first):
  <no Python frame>
